projects/amazon-trend-analyzer/qb_chunks/page_691_skip691000.csv
ASIN Buyability Flag,asin_status,CVR%,revenue,asp,units,gv,Images #,Videos #,Has A+ Content,Buybox Winner,Average Rating,Number of Ratings,bb_price,Ad CTR%,Ad CVR%,bsr,brand,Ad CPC$,ASIN (Description),Update Type,Sold By Amazon,Has Coupon?,Has Store Link?,In Stock Today?,category,Sellable On Hand Units,asin,date,Ad Cost,Ad Sales,Ad Clicks,Ad Impressions,Ad Conversions
In Stock,ACTIVE,0.193,257.0,9.87,26.0,135.0,5.0,0.0,True,,4.6,273.0,9.87,,,18.0,Biosilk,,B0DRTQZR4T (Biosilk for Dogs Silk Therapy Irresistible Deodorizing & Conditioning Spray),[],True,True,True,True,Grooming,319.0,B0DRTQZR4T,2026-04-10,,,,,
In Stock,ACTIVE,0.195,296.0,9.87,30.0,154.0,5.0,0.0,True,,4.6,270.0,9.87,,,17.0,Biosilk,,B0DRTQZR4T (Biosilk for Dogs Silk Therapy Irresistible Deodorizing & Conditioning Spray),[],True,False,True,True,Grooming,245.0,B0DRTQZR4T,2026-04-09,,,,,
In Stock,ACTIVE,0.224,276.0,9.87,28.0,125.0,5.0,0.0,True,,4.6,268.0,9.87,,,18.0,Biosilk,,B0DRTQZR4T (Biosilk for Dogs Silk Therapy Irresistible Deodorizing & Conditioning Spray),[],True,False,True,True,Grooming,238.0,B0DRTQZR4T,2026-04-08,,,,,
In Stock,ACTIVE,0.184,247.0,9.87,25.0,136.0,5.0,0.0,True,,4.6,267.0,9.87,,,17.0,Biosilk,,B0DRTQZR4T (Biosilk for Dogs Silk Therapy Irresistible Deodorizing & Conditioning Spray),[],True,False,True,True,Grooming,264.0,B0DRTQZR4T,2026-04-07,,,,,
In Stock,ACTIVE,0.13,207.0,9.87,21.0,162.0,5.0,0.0,True,,4.6,265.0,9.87,,,17.0,Biosilk,,B0DRTQZR4T (Biosilk for Dogs Silk Therapy Irresistible Deodorizing & Conditioning Spray),[],True,False,True,True,Grooming,307.0,B0DRTQZR4T,2026-04-06,,,,,
In Stock,ACTIVE,0.112,148.0,9.87,15.0,134.0,5.0,0.0,True,,4.6,264.0,9.87,,,19.0,Biosilk,,B0DRTQZR4T (Biosilk for Dogs Silk Therapy Irresistible Deodorizing & Conditioning Spray),[],True,False,True,True,Grooming,321.0,B0DRTQZR4T,2026-04-05,,,,,
In Stock,ACTIVE,0.153,276.0,9.87,28.0,183.0,5.0,0.0,True,,4.6,263.0,9.87,,,21.0,Biosilk,,B0DRTQZR4T (Biosilk for Dogs Silk Therapy Irresistible Deodorizing & Conditioning Spray),[],True,False,True,True,Grooming,265.0,B0DRTQZR4T,2026-04-04,,,,,
In Stock,ACTIVE,0.223,286.0,9.87,29.0,130.0,5.0,0.0,True,,4.6,262.0,9.87,,,21.0,Biosilk,,B0DRTQZR4T (Biosilk for Dogs Silk Therapy Irresistible Deodorizing & Conditioning Spray),[],True,False,True,True,Grooming,222.0,B0DRTQZR4T,2026-04-03,,,,,
In Stock,ACTIVE,0.148,188.0,9.87,19.0,128.0,5.0,0.0,True,,4.6,260.0,9.87,,,22.0,Biosilk,,B0DRTQZR4T (Biosilk for Dogs Silk Therapy Irresistible Deodorizing & Conditioning Spray),[],True,False,True,True,Grooming,241.0,B0DRTQZR4T,2026-04-02,,,,,
In Stock,ACTIVE,0.179,257.0,9.87,26.0,145.0,5.0,0.0,True,,4.6,258.0,9.87,,,24.0,Biosilk,,B0DRTQZR4T (Biosilk for Dogs Silk Therapy Irresistible Deodorizing & Conditioning Spray),[],True,False,True,True,Grooming,275.0,B0DRTQZR4T,2026-04-01,,,,,
In Stock,ACTIVE,0.189,202.0,10.08,20.0,106.0,5.0,0.0,True,,4.6,258.0,9.87,,,23.0,Biosilk,,B0DRTQZR4T (Biosilk for Dogs Silk Therapy Irresistible Deodorizing & Conditioning Spray),[],True,False,True,True,Grooming,285.0,B0DRTQZR4T,2026-03-31,,,,,
In Stock,ACTIVE,0.174,158.0,9.87,16.0,92.0,5.0,0.0,True,,4.6,256.0,9.87,,,24.0,Biosilk,,B0DRTQZR4T (Biosilk for Dogs Silk Therapy Irresistible Deodorizing & Conditioning Spray),[],True,False,True,True,Grooming,189.0,B0DRTQZR4T,2026-03-30,,,,,
In Stock,ACTIVE,0.163,217.0,9.87,22.0,135.0,5.0,0.0,True,,4.6,254.0,9.87,,,25.0,Biosilk,,B0DRTQZR4T (Biosilk for Dogs Silk Therapy Irresistible Deodorizing & Conditioning Spray),[],True,False,True,True,Grooming,238.0,B0DRTQZR4T,2026-03-29,,,,,
In Stock,ACTIVE,0.189,197.0,9.87,20.0,106.0,5.0,0.0,True,,4.6,253.0,9.87,,,25.0,Biosilk,,B0DRTQZR4T (Biosilk for Dogs Silk Therapy Irresistible Deodorizing & Conditioning Spray),[],True,False,True,True,Grooming,323.0,B0DRTQZR4T,2026-03-28,,,,,
In Stock,ACTIVE,0.198,178.0,9.9,18.0,91.0,5.0,0.0,False,,4.6,253.0,9.87,,,28.0,Biosilk,,B0DRTQZR4T (Biosilk for Dogs Silk Therapy Irresistible Deodorizing & Conditioning Spray),[],True,False,True,True,Grooming,173.0,B0DRTQZR4T,2026-03-27,,,,,
In Stock,ACTIVE,0.174,148.0,9.87,15.0,86.0,5.0,0.0,False,,4.6,252.0,9.87,,,26.0,Biosilk,,B0DRTQZR4T (Biosilk for Dogs Silk Therapy Irresistible Deodorizing & Conditioning Spray),[],True,False,True,True,Grooming,177.0,B0DRTQZR4T,2026-03-26,,,,,
In Stock,ACTIVE,0.187,168.0,9.87,17.0,91.0,5.0,0.0,False,,4.6,252.0,9.87,,,26.0,Biosilk,,B0DRTQZR4T (Biosilk for Dogs Silk Therapy Irresistible Deodorizing & Conditioning Spray),[],True,False,True,True,Grooming,182.0,B0DRTQZR4T,2026-03-25,,,,,
In Stock,ACTIVE,0.209,188.0,9.87,19.0,91.0,5.0,0.0,False,,4.6,252.0,8.5,,,27.0,Biosilk,,B0DRTQZR4T (Biosilk for Dogs Silk Therapy Irresistible Deodorizing & Conditioning Spray),[],True,False,True,True,Grooming,187.0,B0DRTQZR4T,2026-03-24,,,,,
In Stock,ACTIVE,0.275,296.0,9.87,30.0,109.0,5.0,0.0,False,,4.6,251.0,9.87,,,20.0,Biosilk,,B0DRTQZR4T (Biosilk for Dogs Silk Therapy Irresistible Deodorizing & Conditioning Spray),[],True,False,True,True,Grooming,214.0,B0DRTQZR4T,2026-03-23,,,,,
In Stock,ACTIVE,0.119,157.0,9.83,16.0,134.0,5.0,0.0,False,,4.6,250.0,9.25,,,23.0,Biosilk,,B0DRTQZR4T (Biosilk for Dogs Silk Therapy Irresistible Deodorizing & Conditioning Spray),[],True,False,True,True,Grooming,272.0,B0DRTQZR4T,2026-03-22,,,,,
In Stock,ACTIVE,0.222,279.0,9.29,30.0,135.0,5.0,0.0,False,,4.6,250.0,9.25,,,20.0,Biosilk,,B0DRTQZR4T (Biosilk for Dogs Silk Therapy Irresistible Deodorizing & Conditioning Spray),[],True,False,True,True,Grooming,247.0,B0DRTQZR4T,2026-03-21,,,,,
In Stock,ACTIVE,0.168,176.0,9.25,19.0,113.0,5.0,0.0,False,,4.6,249.0,9.25,,,18.0,Biosilk,,B0DRTQZR4T (Biosilk for Dogs Silk Therapy Irresistible Deodorizing & Conditioning Spray),[],True,False,True,True,Grooming,275.0,B0DRTQZR4T,2026-03-20,,,,,
In Stock,ACTIVE,0.15,192.0,9.15,21.0,140.0,5.0,0.0,False,,4.6,248.0,8.15,,,25.0,Biosilk,,B0DRTQZR4T (Biosilk for Dogs Silk Therapy Irresistible Deodorizing & Conditioning Spray),[],True,True,True,True,Grooming,290.0,B0DRTQZR4T,2026-03-19,,,,,
In Stock,ACTIVE,0.286,388.0,8.09,48.0,168.0,5.0,0.0,False,,4.6,248.0,10.84,,,27.0,Biosilk,,B0DRTQZR4T (Biosilk for Dogs Silk Therapy Irresistible Deodorizing & Conditioning Spray),[],True,True,True,True,Grooming,284.0,B0DRTQZR4T,2026-03-18,,,,,
In Stock,ACTIVE,0.13,152.0,10.87,14.0,108.0,5.0,0.0,False,,4.6,246.0,10.87,,,26.0,Biosilk,,B0DRTQZR4T (Biosilk for Dogs Silk Therapy Irresistible Deodorizing & Conditioning Spray),[],True,True,True,True,Grooming,327.0,B0DRTQZR4T,2026-03-17,,,,,
In Stock,ACTIVE,0.212,228.0,10.87,21.0,99.0,5.0,0.0,False,,4.6,246.0,10.87,,,26.0,Biosilk,,B0DRTQZR4T (Biosilk for Dogs Silk Therapy Irresistible Deodorizing & Conditioning Spray),[],True,False,True,True,Grooming,311.0,B0DRTQZR4T,2026-03-16,,,,,
In Stock,ACTIVE,0.181,206.0,10.86,19.0,105.0,5.0,0.0,False,,4.6,246.0,10.86,,,25.0,Biosilk,,B0DRTQZR4T (Biosilk for Dogs Silk Therapy Irresistible Deodorizing & Conditioning Spray),[],True,False,True,True,Grooming,323.0,B0DRTQZR4T,2026-03-15,,,,,
In Stock,ACTIVE,0.156,163.0,10.86,15.0,96.0,5.0,0.0,False,,4.6,246.0,10.86,,,27.0,Biosilk,,B0DRTQZR4T (Biosilk for Dogs Silk Therapy Irresistible Deodorizing & Conditioning Spray),[],True,False,True,True,Grooming,340.0,B0DRTQZR4T,2026-03-14,,,,,
In Stock,ACTIVE,0.202,250.0,10.85,23.0,114.0,5.0,0.0,False,,4.6,246.0,10.86,,,26.0,Biosilk,,B0DRTQZR4T (Biosilk for Dogs Silk Therapy Irresistible Deodorizing & Conditioning Spray),[],True,False,True,True,Grooming,359.0,B0DRTQZR4T,2026-03-13,,,,,
In Stock,ACTIVE,0.209,195.0,10.86,18.0,86.0,5.0,0.0,False,,4.6,246.0,10.87,,,27.0,Biosilk,,B0DRTQZR4T (Biosilk for Dogs Silk Therapy Irresistible Deodorizing & Conditioning Spray),[],True,False,True,True,Grooming,381.0,B0DRTQZR4T,2026-03-12,,,,,
In Stock,ACTIVE,0.102,109.0,10.87,10.0,98.0,5.0,0.0,False,,4.6,246.0,10.87,,,27.0,Biosilk,,B0DRTQZR4T (Biosilk for Dogs Silk Therapy Irresistible Deodorizing & Conditioning Spray),[],True,False,True,True,Grooming,342.0,B0DRTQZR4T,2026-03-11,,,,,
In Stock,ACTIVE,0.146,152.0,10.85,14.0,96.0,5.0,0.0,False,,4.6,243.0,10.85,,,28.0,Biosilk,,B0DRTQZR4T (Biosilk for Dogs Silk Therapy Irresistible Deodorizing & Conditioning Spray),[],True,False,True,True,Grooming,405.0,B0DRTQZR4T,2026-03-10,,,,,
In Stock,ACTIVE,0.152,174.0,10.85,16.0,105.0,5.0,0.0,False,,4.6,242.0,10.85,,,26.0,Biosilk,,B0DRTQZR4T (Biosilk for Dogs Silk Therapy Irresistible Deodorizing & Conditioning Spray),[],True,False,True,True,Grooming,367.0,B0DRTQZR4T,2026-03-09,,,,,
In Stock,ACTIVE,0.145,184.0,10.85,17.0,117.0,5.0,0.0,False,,4.6,242.0,10.85,,,28.0,Biosilk,,B0DRTQZR4T (Biosilk for Dogs Silk Therapy Irresistible Deodorizing & Conditioning Spray),[],True,True,True,True,Grooming,371.0,B0DRTQZR4T,2026-03-08,,,,,
In Stock,ACTIVE,0.257,282.0,10.85,26.0,101.0,5.0,0.0,False,,4.6,241.0,10.85,,,30.0,Biosilk,,B0DRTQZR4T (Biosilk for Dogs Silk Therapy Irresistible Deodorizing & Conditioning Spray),[],True,True,True,True,Grooming,399.0,B0DRTQZR4T,2026-03-07,,,,,
In Stock,ACTIVE,0.189,196.0,10.88,18.0,95.0,5.0,0.0,False,,4.6,238.0,10.92,,,29.0,Biosilk,,B0DRTQZR4T (Biosilk for Dogs Silk Therapy Irresistible Deodorizing & Conditioning Spray),[],True,True,True,True,Grooming,415.0,B0DRTQZR4T,2026-03-06,,,,,
In Stock,ACTIVE,0.233,153.0,10.92,14.0,60.0,5.0,0.0,False,,4.6,238.0,10.92,,,37.0,Biosilk,,B0DRTQZR4T (Biosilk for Dogs Silk Therapy Irresistible Deodorizing & Conditioning Spray),[],True,True,True,True,Grooming,433.0,B0DRTQZR4T,2026-03-05,,,,,
In Stock,ACTIVE,0.2,219.0,10.96,20.0,100.0,5.0,0.0,False,,4.6,237.0,11.22,,,32.0,Biosilk,,B0DRTQZR4T (Biosilk for Dogs Silk Therapy Irresistible Deodorizing & Conditioning Spray),[],True,True,True,True,Grooming,425.0,B0DRTQZR4T,2026-03-04,,,,,
In Stock,ACTIVE,0.205,168.0,11.22,15.0,73.0,5.0,0.0,False,,4.6,236.0,11.22,,,35.0,Biosilk,,B0DRTQZR4T (Biosilk for Dogs Silk Therapy Irresistible Deodorizing & Conditioning Spray),[],True,True,True,True,Grooming,438.0,B0DRTQZR4T,2026-03-03,,,,,
In Stock,ACTIVE,0.164,138.0,11.47,12.0,73.0,5.0,0.0,False,,4.6,236.0,11.52,,,43.0,Biosilk,,B0DRTQZR4T (Biosilk for Dogs Silk Therapy Irresistible Deodorizing & Conditioning Spray),[],True,True,True,True,Grooming,462.0,B0DRTQZR4T,2026-03-02,,,,,
In Stock,ACTIVE,0.149,161.0,11.49,14.0,94.0,5.0,0.0,False,,4.6,235.0,11.49,,,42.0,Biosilk,,B0DRTQZR4T (Biosilk for Dogs Silk Therapy Irresistible Deodorizing & Conditioning Spray),[],True,True,True,True,Grooming,472.0,B0DRTQZR4T,2026-03-01,,,,,
In Stock,ACTIVE,0.09,69.0,11.49,6.0,67.0,5.0,0.0,False,,4.6,235.0,11.49,,,46.0,Biosilk,,B0DRTQZR4T (Biosilk for Dogs Silk Therapy Irresistible Deodorizing & Conditioning Spray),[],True,True,True,True,Grooming,446.0,B0DRTQZR4T,2026-02-28,,,,,
In Stock,ACTIVE,0.215,161.0,11.49,14.0,65.0,5.0,0.0,False,,4.6,235.0,11.49,,,117.0,Biosilk,,B0DRTQZR4T (Biosilk for Dogs Silk Therapy Irresistible Deodorizing & Conditioning Spray),[],True,True,True,True,Grooming,457.0,B0DRTQZR4T,2026-02-27,,,,,
In Stock,ACTIVE,,0.0,,0.0,0.0,5.0,0.0,False,,4.6,227.0,11.45,,,80.0,Biosilk,,B0DRTQZR4T (Biosilk for Dogs Silk Therapy Irresistible Deodorizing & Conditioning Spray),[],True,True,True,True,Grooming,479.0,B0DRTQZR4T,2026-02-20,,,,,
In Stock,ACTIVE,,-11.0,10.86,-1.0,0.0,5.0,0.0,False,,4.6,227.0,11.45,,,59.0,Biosilk,,B0DRTQZR4T (Biosilk for Dogs Silk Therapy Irresistible Deodorizing & Conditioning Spray),[],True,True,True,True,Grooming,479.0,B0DRTQZR4T,2026-02-19,,,,,
In Stock,ACTIVE,,-11.0,10.86,-1.0,0.0,5.0,0.0,False,,4.6,227.0,11.45,,,45.0,Biosilk,,B0DRTQZR4T (Biosilk for Dogs Silk Therapy Irresistible Deodorizing & Conditioning Spray),[],True,True,True,True,Grooming,479.0,B0DRTQZR4T,2026-02-18,,,,,
In Stock,ACTIVE,,-11.0,10.86,-1.0,0.0,5.0,0.0,False,,4.6,227.0,11.45,,,26.0,Biosilk,,B0DRTQZR4T (Biosilk for Dogs Silk Therapy Irresistible Deodorizing & Conditioning Spray),[],True,True,True,True,Grooming,467.0,B0DRTQZR4T,2026-02-17,,,,,
In Stock,ACTIVE,,0.0,,0.0,0.0,5.0,0.0,False,,4.6,227.0,11.45,,,26.0,Biosilk,,B0DRTQZR4T (Biosilk for Dogs Silk Therapy Irresistible Deodorizing & Conditioning Spray),[],True,True,True,True,Grooming,473.0,B0DRTQZR4T,2026-02-16,,,,,
In Stock,ACTIVE,0.198,195.0,10.86,18.0,91.0,5.0,0.0,False,,4.6,226.0,10.86,,,26.0,Biosilk,,B0DRTQZR4T (Biosilk for Dogs Silk Therapy Irresistible Deodorizing & Conditioning Spray),[],True,True,True,True,Grooming,459.0,B0DRTQZR4T,2026-02-15,,,,,
In Stock,ACTIVE,0.187,185.0,10.86,17.0,91.0,5.0,0.0,False,,4.6,225.0,10.86,,,31.0,Biosilk,,B0DRTQZR4T (Biosilk for Dogs Silk Therapy Irresistible Deodorizing & Conditioning Spray),[],True,True,True,True,Grooming,472.0,B0DRTQZR4T,2026-02-14,,,,,
In Stock,ACTIVE,0.259,239.0,10.86,22.0,85.0,5.0,0.0,False,,4.6,224.0,10.86,,,30.0,Biosilk,,B0DRTQZR4T (Biosilk for Dogs Silk Therapy Irresistible Deodorizing & Conditioning Spray),[],True,True,True,True,Grooming,478.0,B0DRTQZR4T,2026-02-13,,,,,
In Stock,ACTIVE,0.186,141.0,10.86,13.0,70.0,5.0,0.0,False,,4.6,223.0,10.86,,,26.0,Biosilk,,B0DRTQZR4T (Biosilk for Dogs Silk Therapy Irresistible Deodorizing & Conditioning Spray),[],True,True,True,True,Grooming,495.0,B0DRTQZR4T,2026-02-12,,,,,
In Stock,ACTIVE,0.127,98.0,10.85,9.0,71.0,5.0,0.0,False,,4.6,223.0,10.84,,,28.0,Biosilk,,B0DRTQZR4T (Biosilk for Dogs Silk Therapy Irresistible Deodorizing & Conditioning Spray),[],True,True,True,True,Grooming,524.0,B0DRTQZR4T,2026-02-11,,,,,
In Stock,ACTIVE,0.219,173.0,10.84,16.0,73.0,5.0,0.0,False,,4.6,221.0,10.83,,,27.0,Biosilk,,B0DRTQZR4T (Biosilk for Dogs Silk Therapy Irresistible Deodorizing & Conditioning Spray),[],True,True,True,True,Grooming,568.0,B0DRTQZR4T,2026-02-10,,,,,
In Stock,ACTIVE,0.123,108.0,10.83,10.0,81.0,5.0,0.0,False,,4.6,221.0,10.83,,,29.0,Biosilk,,B0DRTQZR4T (Biosilk for Dogs Silk Therapy Irresistible Deodorizing & Conditioning Spray),[],True,True,True,True,Grooming,500.0,B0DRTQZR4T,2026-02-09,,,,,
In Stock,ACTIVE,0.207,271.0,10.83,25.0,121.0,5.0,0.0,False,,4.6,221.0,10.83,,,29.0,Biosilk,,B0DRTQZR4T (Biosilk for Dogs Silk Therapy Irresistible Deodorizing & Conditioning Spray),[],True,True,True,True,Grooming,505.0,B0DRTQZR4T,2026-02-08,,,,,
In Stock,ACTIVE,0.121,151.0,10.78,14.0,116.0,5.0,0.0,False,,4.6,221.0,10.78,,,28.0,Biosilk,,B0DRTQZR4T (Biosilk for Dogs Silk Therapy Irresistible Deodorizing & Conditioning Spray),[],True,True,True,True,Grooming,520.0,B0DRTQZR4T,2026-02-07,,,,,
In Stock,ACTIVE,0.186,140.0,10.78,13.0,70.0,5.0,0.0,False,,4.6,221.0,10.78,,,27.0,Biosilk,,B0DRTQZR4T (Biosilk for Dogs Silk Therapy Irresistible Deodorizing & Conditioning Spray),[],True,True,True,True,Grooming,521.0,B0DRTQZR4T,2026-02-06,,,,,
In Stock,ACTIVE,0.183,140.0,10.76,13.0,71.0,5.0,0.0,False,,4.5,219.0,10.76,,,28.0,Biosilk,,B0DRTQZR4T (Biosilk for Dogs Silk Therapy Irresistible Deodorizing & Conditioning Spray),[],True,True,True,True,Grooming,523.0,B0DRTQZR4T,2026-02-05,,,,,
In Stock,ACTIVE,0.209,151.0,10.78,14.0,67.0,5.0,0.0,False,,4.5,218.0,11.02,,,32.0,Biosilk,,B0DRTQZR4T (Biosilk for Dogs Silk Therapy Irresistible Deodorizing & Conditioning Spray),[],True,True,True,True,Grooming,510.0,B0DRTQZR4T,2026-02-04,,,,,
In Stock,ACTIVE,0.236,187.0,11.02,17.0,72.0,5.0,0.0,False,,4.6,216.0,11.02,,,30.0,Biosilk,,B0DRTQZR4T (Biosilk for Dogs Silk Therapy Irresistible Deodorizing & Conditioning Spray),[],True,True,True,True,Grooming,484.0,B0DRTQZR4T,2026-02-03,,,,,
In Stock,ACTIVE,0.125,132.0,11.02,12.0,96.0,5.0,0.0,False,,4.6,216.0,11.02,,,30.0,Biosilk,,B0DRTQZR4T (Biosilk for Dogs Silk Therapy Irresistible Deodorizing & Conditioning Spray),[],True,True,True,True,Grooming,547.0,B0DRTQZR4T,2026-02-02,,,,,
In Stock,ACTIVE,0.126,132.0,11.02,12.0,95.0,15.0,0.0,False,,4.6,215.0,11.02,,,29.0,Biosilk,,B0DRTQZR4T (Biosilk for Dogs Silk Therapy Irresistible Deodorizing & Conditioning Spray),[],True,True,True,True,Grooming,538.0,B0DRTQZR4T,2026-02-01,,,,,
In Stock,ACTIVE,0.102,110.0,11.02,10.0,98.0,5.0,0.0,False,,4.5,214.0,11.02,,,29.0,Biosilk,,B0DRTQZR4T (Biosilk for Dogs Silk Therapy Irresistible Deodorizing & Conditioning Spray),[],True,True,True,True,Grooming,511.0,B0DRTQZR4T,2026-01-31,,,,,
In Stock,ACTIVE,0.24,198.0,11.02,18.0,75.0,5.0,0.0,False,,4.5,214.0,11.03,,,30.0,Biosilk,,B0DRTQZR4T (Biosilk for Dogs Silk Therapy Irresistible Deodorizing & Conditioning Spray),[],True,True,True,True,Grooming,540.0,B0DRTQZR4T,2026-01-30,,,,,
In Stock,ACTIVE,0.238,165.0,11.03,15.0,63.0,5.0,0.0,False,,4.5,214.0,11.03,,,28.0,Biosilk,,B0DRTQZR4T (Biosilk for Dogs Silk Therapy Irresistible Deodorizing & Conditioning Spray),[],True,True,True,True,Grooming,562.0,B0DRTQZR4T,2026-01-29,,,,,
In Stock,ACTIVE,0.119,77.0,11.03,7.0,59.0,5.0,0.0,False,,4.5,214.0,11.03,,,29.0,Biosilk,,B0DRTQZR4T (Biosilk for Dogs Silk Therapy Irresistible Deodorizing & Conditioning Spray),[],True,True,True,True,Grooming,595.0,B0DRTQZR4T,2026-01-28,,,,,
In Stock,ACTIVE,0.273,232.0,11.03,21.0,77.0,5.0,0.0,False,,4.5,213.0,11.03,,,32.0,Biosilk,,B0DRTQZR4T (Biosilk for Dogs Silk Therapy Irresistible Deodorizing & Conditioning Spray),[],True,True,True,True,Grooming,529.0,B0DRTQZR4T,2026-01-27,,,,,
In Stock,ACTIVE,0.237,154.0,11.03,14.0,59.0,5.0,0.0,False,,4.5,211.0,11.03,,,35.0,Biosilk,,B0DRTQZR4T (Biosilk for Dogs Silk Therapy Irresistible Deodorizing & Conditioning Spray),[],True,True,True,True,Grooming,553.0,B0DRTQZR4T,2026-01-26,,,,,
In Stock,ACTIVE,0.116,121.0,11.02,11.0,95.0,5.0,0.0,False,,4.5,210.0,11.02,,,31.0,Biosilk,,B0DRTQZR4T (Biosilk for Dogs Silk Therapy Irresistible Deodorizing & Conditioning Spray),[],True,True,True,True,Grooming,555.0,B0DRTQZR4T,2026-01-25,,,,,
In Stock,ACTIVE,0.071,66.0,11.02,6.0,85.0,5.0,0.0,False,,4.5,208.0,11.02,,,36.0,Biosilk,,B0DRTQZR4T (Biosilk for Dogs Silk Therapy Irresistible Deodorizing & Conditioning Spray),[],True,True,True,True,Grooming,541.0,B0DRTQZR4T,2026-01-24,,,,,
