projects/amazon-trend-analyzer/qb_chunks/page_691_skip691000.csv
ASIN Buyability Flag,asin_status,CVR%,revenue,asp,units,gv,Images #,Videos #,Has A+ Content,Buybox Winner,Average Rating,Number of Ratings,bb_price,Ad CTR%,Ad CVR%,bsr,brand,Ad CPC$,ASIN (Description),Update Type,Sold By Amazon,Has Coupon?,Has Store Link?,In Stock Today?,category,Sellable On Hand Units,asin,date,Ad Cost,Ad Sales,Ad Clicks,Ad Impressions,Ad Conversions
In Stock,ACTIVE,0.164,121.0,11.02,11.0,67.0,5.0,0.0,False,,4.5,208.0,11.02,,,32.0,Biosilk,,B0DRTQZR4T (Biosilk for Dogs Silk Therapy Irresistible Deodorizing & Conditioning Spray),[],True,True,True,True,Grooming,513.0,B0DRTQZR4T,2026-01-23,,,,,
In Stock,ACTIVE,0.143,110.0,11.02,10.0,70.0,5.0,0.0,False,,4.5,208.0,11.02,,,34.0,Biosilk,,B0DRTQZR4T (Biosilk for Dogs Silk Therapy Irresistible Deodorizing & Conditioning Spray),[],True,True,True,True,Grooming,442.0,B0DRTQZR4T,2026-01-22,,,,,
In Stock,ACTIVE,0.14,88.0,11.02,8.0,57.0,5.0,0.0,False,,4.5,207.0,11.02,,,30.0,Biosilk,,B0DRTQZR4T (Biosilk for Dogs Silk Therapy Irresistible Deodorizing & Conditioning Spray),[],True,True,True,True,Grooming,451.0,B0DRTQZR4T,2026-01-21,,,,,
In Stock,ACTIVE,0.175,110.0,11.02,10.0,57.0,5.0,0.0,False,,4.5,206.0,11.02,,,38.0,Biosilk,,B0DRTQZR4T (Biosilk for Dogs Silk Therapy Irresistible Deodorizing & Conditioning Spray),[],True,True,True,True,Grooming,456.0,B0DRTQZR4T,2026-01-20,,,,,
In Stock,ACTIVE,0.262,187.0,11.02,17.0,65.0,5.0,0.0,False,,4.5,205.0,11.02,,,35.0,Biosilk,,B0DRTQZR4T (Biosilk for Dogs Silk Therapy Irresistible Deodorizing & Conditioning Spray),[],True,True,True,True,Grooming,412.0,B0DRTQZR4T,2026-01-19,,,,,
In Stock,ACTIVE,0.099,99.0,11.02,9.0,91.0,5.0,0.0,False,,4.5,204.0,11.02,,,38.0,Biosilk,,B0DRTQZR4T (Biosilk for Dogs Silk Therapy Irresistible Deodorizing & Conditioning Spray),[],True,True,True,True,Grooming,388.0,B0DRTQZR4T,2026-01-18,,,,,
In Stock,ACTIVE,0.084,99.0,11.01,9.0,107.0,5.0,0.0,False,,4.5,204.0,11.02,,,38.0,Biosilk,,B0DRTQZR4T (Biosilk for Dogs Silk Therapy Irresistible Deodorizing & Conditioning Spray),[],True,True,True,True,Grooming,383.0,B0DRTQZR4T,2026-01-17,,,,,
In Stock,ACTIVE,0.111,110.0,11.02,10.0,90.0,5.0,0.0,False,,4.5,203.0,11.02,,,33.0,Biosilk,,B0DRTQZR4T (Biosilk for Dogs Silk Therapy Irresistible Deodorizing & Conditioning Spray),[],True,True,True,True,Grooming,299.0,B0DRTQZR4T,2026-01-16,,,,,
In Stock,ACTIVE,0.083,77.0,11.01,7.0,84.0,5.0,0.0,False,,4.5,202.0,11.02,,,33.0,Biosilk,,B0DRTQZR4T (Biosilk for Dogs Silk Therapy Irresistible Deodorizing & Conditioning Spray),[],True,True,True,True,Grooming,323.0,B0DRTQZR4T,2026-01-15,,,,,
In Stock,ACTIVE,0.115,99.0,11.02,9.0,78.0,5.0,0.0,False,,4.5,201.0,11.02,,,35.0,Biosilk,,B0DRTQZR4T (Biosilk for Dogs Silk Therapy Irresistible Deodorizing & Conditioning Spray),[],True,True,True,True,Grooming,345.0,B0DRTQZR4T,2026-01-14,,,,,
In Stock,ACTIVE,0.159,110.0,11.02,10.0,63.0,5.0,0.0,False,,4.5,201.0,11.02,,,34.0,Biosilk,,B0DRTQZR4T (Biosilk for Dogs Silk Therapy Irresistible Deodorizing & Conditioning Spray),[],True,True,True,True,Grooming,264.0,B0DRTQZR4T,2026-01-13,,,,,
In Stock,ACTIVE,0.167,77.0,11.01,7.0,42.0,5.0,0.0,False,,4.5,199.0,11.02,,,32.0,Biosilk,,B0DRTQZR4T (Biosilk for Dogs Silk Therapy Irresistible Deodorizing & Conditioning Spray),[],True,True,True,True,Grooming,289.0,B0DRTQZR4T,2026-01-12,,,,,
In Stock,ACTIVE,0.04099999999999999,44.0,11.02,4.0,98.0,5.0,0.0,False,,4.5,198.0,11.02,,,29.0,Biosilk,,B0DRTQZR4T (Biosilk for Dogs Silk Therapy Irresistible Deodorizing & Conditioning Spray),[],True,True,True,True,Grooming,237.0,B0DRTQZR4T,2026-01-11,,,,,
In Stock,ACTIVE,0.108,110.0,11.02,10.0,93.0,5.0,0.0,False,,4.5,195.0,11.02,,,32.0,Biosilk,,B0DRTQZR4T (Biosilk for Dogs Silk Therapy Irresistible Deodorizing & Conditioning Spray),[],True,True,True,True,Grooming,244.0,B0DRTQZR4T,2026-01-10,,,,,
In Stock,ACTIVE,0.141,132.0,11.02,12.0,85.0,5.0,0.0,False,,4.5,193.0,11.02,,,30.0,Biosilk,,B0DRTQZR4T (Biosilk for Dogs Silk Therapy Irresistible Deodorizing & Conditioning Spray),[],True,True,True,True,Grooming,230.0,B0DRTQZR4T,2026-01-09,,,,,
In Stock,ACTIVE,0.124,132.0,11.02,12.0,97.0,6.0,0.0,False,,4.5,192.0,11.02,,,31.0,Biosilk,,B0DRTQZR4T (Biosilk for Dogs Silk Therapy Irresistible Deodorizing & Conditioning Spray),[],True,True,True,True,Grooming,210.0,B0DRTQZR4T,2026-01-08,,,,,
In Stock,ACTIVE,0.228,143.0,11.01,13.0,57.0,6.0,0.0,False,,4.5,189.0,11.02,,,32.0,Biosilk,,B0DRTQZR4T (Biosilk for Dogs Silk Therapy Irresistible Deodorizing & Conditioning Spray),[],True,True,True,True,Grooming,247.0,B0DRTQZR4T,2026-01-07,,,,,
In Stock,ACTIVE,0.176,143.0,11.02,13.0,74.0,6.0,0.0,False,,4.5,188.0,11.02,,,31.0,Biosilk,,B0DRTQZR4T (Biosilk for Dogs Silk Therapy Irresistible Deodorizing & Conditioning Spray),[],True,True,True,True,Grooming,225.0,B0DRTQZR4T,2026-01-06,,,,,
In Stock,ACTIVE,0.091,66.0,11.02,6.0,66.0,6.0,0.0,False,,4.5,187.0,11.02,,,29.0,Biosilk,,B0DRTQZR4T (Biosilk for Dogs Silk Therapy Irresistible Deodorizing & Conditioning Spray),[],True,True,True,True,Grooming,218.0,B0DRTQZR4T,2026-01-05,,,,,
In Stock,ACTIVE,0.112,121.0,11.02,11.0,98.0,6.0,0.0,False,,4.5,184.0,11.02,,,29.0,Biosilk,,B0DRTQZR4T (Biosilk for Dogs Silk Therapy Irresistible Deodorizing & Conditioning Spray),[],True,True,True,True,Grooming,221.0,B0DRTQZR4T,2026-01-04,,,,,
In Stock,ACTIVE,0.133,154.0,11.01,14.0,105.0,6.0,0.0,False,,4.5,183.0,10.8,,,29.0,Biosilk,,B0DRTQZR4T (Biosilk for Dogs Silk Therapy Irresistible Deodorizing & Conditioning Spray),[],True,True,True,True,Grooming,245.0,B0DRTQZR4T,2026-01-03,,,,,
In Stock,ACTIVE,0.16,140.0,10.8,13.0,81.0,6.0,0.0,False,,4.5,182.0,10.8,,,35.0,Biosilk,,B0DRTQZR4T (Biosilk for Dogs Silk Therapy Irresistible Deodorizing & Conditioning Spray),[],True,True,True,True,Grooming,202.0,B0DRTQZR4T,2026-01-02,,,,,
In Stock,ACTIVE,0.159,140.0,10.8,13.0,82.0,6.0,0.0,False,,4.5,181.0,10.8,,,35.0,Biosilk,,B0DRTQZR4T (Biosilk for Dogs Silk Therapy Irresistible Deodorizing & Conditioning Spray),[],True,False,True,True,Grooming,213.0,B0DRTQZR4T,2026-01-01,,,,,
In Stock,ACTIVE,0.237,152.0,10.88,14.0,59.0,6.0,0.0,False,,4.5,178.0,10.86,,,34.0,Biosilk,,B0DRTQZR4T (Biosilk for Dogs Silk Therapy Irresistible Deodorizing & Conditioning Spray),[],True,True,True,True,Grooming,222.0,B0DRTQZR4T,2025-12-31,,,,,
In Stock,ACTIVE,0.08900000000000001,76.0,10.86,7.0,79.0,6.0,0.0,False,,4.5,178.0,10.86,,,33.0,Biosilk,,B0DRTQZR4T (Biosilk for Dogs Silk Therapy Irresistible Deodorizing & Conditioning Spray),[],True,True,True,True,Grooming,228.0,B0DRTQZR4T,2025-12-30,,,,,
In Stock,ACTIVE,0.179,185.0,10.86,17.0,95.0,6.0,0.0,False,,4.5,177.0,10.87,,,34.0,Biosilk,,B0DRTQZR4T (Biosilk for Dogs Silk Therapy Irresistible Deodorizing & Conditioning Spray),[],True,True,True,True,Grooming,214.0,B0DRTQZR4T,2025-12-29,,,,,
In Stock,ACTIVE,0.119,174.0,10.87,16.0,134.0,6.0,0.0,False,,4.5,177.0,10.87,,,32.0,Biosilk,,B0DRTQZR4T (Biosilk for Dogs Silk Therapy Irresistible Deodorizing & Conditioning Spray),[],True,True,True,True,Grooming,275.0,B0DRTQZR4T,2025-12-28,,,,,
In Stock,ACTIVE,0.102,109.0,10.87,10.0,98.0,6.0,0.0,False,,4.5,177.0,10.87,,,36.0,Biosilk,,B0DRTQZR4T (Biosilk for Dogs Silk Therapy Irresistible Deodorizing & Conditioning Spray),[],True,True,True,True,Grooming,226.0,B0DRTQZR4T,2025-12-27,,,,,
In Stock,ACTIVE,0.157,152.0,10.86,14.0,89.0,6.0,0.0,False,,4.5,177.0,10.87,,,36.0,Biosilk,,B0DRTQZR4T (Biosilk for Dogs Silk Therapy Irresistible Deodorizing & Conditioning Spray),[],True,True,True,True,Grooming,234.0,B0DRTQZR4T,2025-12-26,,,,,
In Stock,ACTIVE,0.114,87.0,10.93,8.0,70.0,6.0,0.0,False,,4.5,177.0,10.88,,,31.0,Biosilk,,B0DRTQZR4T (Biosilk for Dogs Silk Therapy Irresistible Deodorizing & Conditioning Spray),[],True,True,True,True,Grooming,248.0,B0DRTQZR4T,2025-12-25,,,,,
In Stock,ACTIVE,0.182,65.0,10.87,6.0,33.0,6.0,0.0,False,,4.5,176.0,10.88,,,38.0,Biosilk,,B0DRTQZR4T (Biosilk for Dogs Silk Therapy Irresistible Deodorizing & Conditioning Spray),[],True,True,True,True,Grooming,248.0,B0DRTQZR4T,2025-12-24,,,,,
In Stock,ACTIVE,0.203,152.0,10.87,14.0,69.0,6.0,0.0,False,,4.5,175.0,10.88,,,34.0,Biosilk,,B0DRTQZR4T (Biosilk for Dogs Silk Therapy Irresistible Deodorizing & Conditioning Spray),[],True,True,True,True,Grooming,245.0,B0DRTQZR4T,2025-12-23,,,,,
In Stock,ACTIVE,0.109,76.0,10.88,7.0,64.0,6.0,0.0,False,,4.5,175.0,10.88,,,39.0,Biosilk,,B0DRTQZR4T (Biosilk for Dogs Silk Therapy Irresistible Deodorizing & Conditioning Spray),[],True,True,True,True,Grooming,265.0,B0DRTQZR4T,2025-12-22,,,,,
In Stock,ACTIVE,0.188,196.0,10.9,18.0,96.0,6.0,0.0,False,,4.5,175.0,10.9,,,35.0,Biosilk,,B0DRTQZR4T (Biosilk for Dogs Silk Therapy Irresistible Deodorizing & Conditioning Spray),[],True,True,True,True,Grooming,258.0,B0DRTQZR4T,2025-12-21,,,,,
In Stock,ACTIVE,0.178,174.0,10.9,16.0,90.0,6.0,0.0,False,,4.5,175.0,10.9,,,31.0,Biosilk,,B0DRTQZR4T (Biosilk for Dogs Silk Therapy Irresistible Deodorizing & Conditioning Spray),[],True,True,True,True,Grooming,267.0,B0DRTQZR4T,2025-12-20,,,,,
In Stock,ACTIVE,0.161,98.0,10.9,9.0,56.0,6.0,0.0,False,,4.5,175.0,10.9,,,38.0,Biosilk,,B0DRTQZR4T (Biosilk for Dogs Silk Therapy Irresistible Deodorizing & Conditioning Spray),[],True,True,True,True,Grooming,297.0,B0DRTQZR4T,2025-12-19,,,,,
In Stock,ACTIVE,0.233,185.0,10.9,17.0,73.0,6.0,0.0,False,,4.5,174.0,10.9,,,44.0,Biosilk,,B0DRTQZR4T (Biosilk for Dogs Silk Therapy Irresistible Deodorizing & Conditioning Spray),[],True,True,True,True,Grooming,294.0,B0DRTQZR4T,2025-12-18,,,,,
In Stock,ACTIVE,0.211,131.0,10.92,12.0,57.0,6.0,0.0,False,,4.5,174.0,10.91,,,44.0,Biosilk,,B0DRTQZR4T (Biosilk for Dogs Silk Therapy Irresistible Deodorizing & Conditioning Spray),[],True,True,True,True,Grooming,312.0,B0DRTQZR4T,2025-12-17,,,,,
In Stock,ACTIVE,0.125,109.0,10.91,10.0,80.0,6.0,0.0,False,,4.5,174.0,10.91,,,35.0,Biosilk,,B0DRTQZR4T (Biosilk for Dogs Silk Therapy Irresistible Deodorizing & Conditioning Spray),[],True,True,True,True,Grooming,275.0,B0DRTQZR4T,2025-12-16,,,,,
In Stock,ACTIVE,0.103,66.0,10.93,6.0,58.0,6.0,0.0,False,,4.5,171.0,10.92,,,32.0,Biosilk,,B0DRTQZR4T (Biosilk for Dogs Silk Therapy Irresistible Deodorizing & Conditioning Spray),[],True,True,True,True,Grooming,290.0,B0DRTQZR4T,2025-12-15,,,,,
In Stock,ACTIVE,0.094,87.0,10.92,8.0,85.0,6.0,0.0,False,,4.5,170.0,10.92,,,35.0,Biosilk,,B0DRTQZR4T (Biosilk for Dogs Silk Therapy Irresistible Deodorizing & Conditioning Spray),[],True,True,True,True,Grooming,324.0,B0DRTQZR4T,2025-12-14,,,,,
In Stock,ACTIVE,0.242,174.0,10.9,16.0,66.0,6.0,0.0,False,,4.5,170.0,10.92,,,33.0,Biosilk,,B0DRTQZR4T (Biosilk for Dogs Silk Therapy Irresistible Deodorizing & Conditioning Spray),[],True,True,True,True,Grooming,351.0,B0DRTQZR4T,2025-12-13,,,,,
In Stock,ACTIVE,0.138,98.0,10.92,9.0,65.0,6.0,0.0,False,,4.5,168.0,10.92,,,36.0,Biosilk,,B0DRTQZR4T (Biosilk for Dogs Silk Therapy Irresistible Deodorizing & Conditioning Spray),[],True,True,True,True,Grooming,354.0,B0DRTQZR4T,2025-12-12,,,,,
In Stock,ACTIVE,0.103,76.0,10.89,7.0,68.0,6.0,0.0,False,,4.5,164.0,10.89,,,35.0,Biosilk,,B0DRTQZR4T (Biosilk for Dogs Silk Therapy Irresistible Deodorizing & Conditioning Spray),[],True,True,True,True,Grooming,346.0,B0DRTQZR4T,2025-12-11,,,,,
In Stock,ACTIVE,0.136,98.0,10.92,9.0,66.0,6.0,0.0,False,,4.5,162.0,10.92,,,32.0,Biosilk,,B0DRTQZR4T (Biosilk for Dogs Silk Therapy Irresistible Deodorizing & Conditioning Spray),[],True,True,True,True,Grooming,378.0,B0DRTQZR4T,2025-12-10,,,,,
In Stock,ACTIVE,0.176,98.0,10.92,9.0,51.0,6.0,0.0,False,,4.5,159.0,10.93,,,39.0,Biosilk,,B0DRTQZR4T (Biosilk for Dogs Silk Therapy Irresistible Deodorizing & Conditioning Spray),[],True,True,True,True,Grooming,342.0,B0DRTQZR4T,2025-12-09,,,,,
In Stock,ACTIVE,0.222,131.0,10.93,12.0,54.0,6.0,0.0,False,,4.5,158.0,10.93,,,41.0,Biosilk,,B0DRTQZR4T (Biosilk for Dogs Silk Therapy Irresistible Deodorizing & Conditioning Spray),[],True,True,True,True,Grooming,351.0,B0DRTQZR4T,2025-12-08,,,,,
In Stock,ACTIVE,0.104,87.0,10.91,8.0,77.0,6.0,0.0,False,,4.5,158.0,10.91,,,37.0,Biosilk,,B0DRTQZR4T (Biosilk for Dogs Silk Therapy Irresistible Deodorizing & Conditioning Spray),[],True,True,True,True,Grooming,365.0,B0DRTQZR4T,2025-12-07,,,,,
In Stock,ACTIVE,0.145,109.0,10.92,10.0,69.0,6.0,0.0,False,,4.5,158.0,10.92,,,36.0,Biosilk,,B0DRTQZR4T (Biosilk for Dogs Silk Therapy Irresistible Deodorizing & Conditioning Spray),[],True,True,True,True,Grooming,368.0,B0DRTQZR4T,2025-12-06,,,,,
In Stock,ACTIVE,0.125,120.0,10.91,11.0,88.0,6.0,0.0,False,,4.5,154.0,10.92,,,42.0,Biosilk,,B0DRTQZR4T (Biosilk for Dogs Silk Therapy Irresistible Deodorizing & Conditioning Spray),[],True,True,True,True,Grooming,377.0,B0DRTQZR4T,2025-12-05,,,,,
In Stock,ACTIVE,0.206,142.0,10.91,13.0,63.0,6.0,0.0,False,,4.5,153.0,10.87,,,42.0,Biosilk,,B0DRTQZR4T (Biosilk for Dogs Silk Therapy Irresistible Deodorizing & Conditioning Spray),[],True,True,True,True,Grooming,370.0,B0DRTQZR4T,2025-12-04,,,,,
In Stock,ACTIVE,0.15,98.0,10.88,9.0,60.0,6.0,0.0,False,,4.5,153.0,10.89,,,41.0,Biosilk,,B0DRTQZR4T (Biosilk for Dogs Silk Therapy Irresistible Deodorizing & Conditioning Spray),[],True,True,True,True,Grooming,396.0,B0DRTQZR4T,2025-12-03,,,,,
In Stock,ACTIVE,0.07400000000000001,65.0,10.89,6.0,81.0,6.0,0.0,False,,4.5,152.0,10.89,,,38.0,Biosilk,,B0DRTQZR4T (Biosilk for Dogs Silk Therapy Irresistible Deodorizing & Conditioning Spray),[],True,True,True,True,Grooming,352.0,B0DRTQZR4T,2025-12-02,,,,,
